// Jest Snapshot v1, https://goo.gl/fbAQLP

exports[`Header should render correctly 1`] = `ShallowWrapper {}`;

exports[`Header should render initial layout 1`] = `
Array [
  <nav
    className="navbar navbar-expand-sm navbar-dark bg-info mb-3 py-3"
  >
    <div
      className="container"
    >
      <a
        className="navbar-brand"
        href="/"
      >
        Contact Book
      </a>
      <div>
        <ul
          className="navbar-nav mr-auto"
        >
          <li
            className="nav-item"
          >
            <Link
              className="nav-link"
              to="/"
            >
              <i
                className="fas fa-home"
              />
               Главная
            </Link>
          </li>
          <li
            className="nav-item"
          >
            <Link
              className="nav-link"
              to="/contact/add"
            >
              <i
                className="fas fa-plus"
              />
               Добавить
            </Link>
          </li>
        </ul>
      </div>
    </div>
  </nav>,
]
`;
